// Jest Snapshot v1, https://goo.gl/fbAQLP

exports[`<CreateActivity /> contains create activity form 1`] = `
<MemoryRouter>
  <Router
    history={
      Object {
        "action": "POP",
        "block": [Function],
        "canGo": [Function],
        "createHref": [Function],
        "entries": Array [
          Object {
            "hash": "",
            "key": "oveyyc",
            "pathname": "/",
            "search": "",
            "state": undefined,
          },
        ],
        "go": [Function],
        "goBack": [Function],
        "goForward": [Function],
        "index": 0,
        "length": 1,
        "listen": [Function],
        "location": Object {
          "hash": "",
          "key": "oveyyc",
          "pathname": "/",
          "search": "",
          "state": undefined,
        },
        "push": [Function],
        "replace": [Function],
      }
    }
  >
    <CreateActivity
      match={
        Object {
          "params": Object {
            "bucket_id": 1,
          },
        }
      }
    >
      <div>
        <article
          className="content item-editor-page"
        />
      </div>
    </CreateActivity>
  </Router>
</MemoryRouter>
`;

exports[`<CreateActivity /> should change values in the form 1`] = `
<MemoryRouter>
  <Router
    history={
      Object {
        "action": "POP",
        "block": [Function],
        "canGo": [Function],
        "createHref": [Function],
        "entries": Array [
          Object {
            "hash": "",
            "key": "4f3i71",
            "pathname": "/",
            "search": "",
            "state": undefined,
          },
        ],
        "go": [Function],
        "goBack": [Function],
        "goForward": [Function],
        "index": 0,
        "length": 1,
        "listen": [Function],
        "location": Object {
          "hash": "",
          "key": "4f3i71",
          "pathname": "/",
          "search": "",
          "state": undefined,
        },
        "push": [Function],
        "replace": [Function],
      }
    }
  >
    <CreateActivity
      match={
        Object {
          "params": Object {
            "bucket_id": 1,
          },
        }
      }
    >
      <div>
        <article
          className="content item-editor-page"
        />
      </div>
    </CreateActivity>
  </Router>
</MemoryRouter>
`;
