// Jest Snapshot v1, https://goo.gl/fbAQLP

exports[`<ViewBuckets /> contains bucket table 1`] = `
<MemoryRouter>
  <Router
    history={
      Object {
        "action": "POP",
        "block": [Function],
        "canGo": [Function],
        "createHref": [Function],
        "entries": Array [
          Object {
            "hash": "",
            "key": "mnkpnd",
            "pathname": "/",
            "search": "",
            "state": undefined,
          },
        ],
        "go": [Function],
        "goBack": [Function],
        "goForward": [Function],
        "index": 0,
        "length": 1,
        "listen": [Function],
        "location": Object {
          "hash": "",
          "key": "mnkpnd",
          "pathname": "/",
          "search": "",
          "state": undefined,
        },
        "push": [Function],
        "replace": [Function],
      }
    }
  >
    <ViewBuckets>
      <div>
        <article
          className="content item-editor-page"
        />
      </div>
    </ViewBuckets>
  </Router>
</MemoryRouter>
`;
